// Jest Snapshot v1, https://goo.gl/fbAQLP

exports[`<FormattedCurrency /> GIVEN GBP 43210.96 should render the formatted currency 1`] = `
<div>
  <span>
    43,210
  </span>
  <sup>
    .96
  </sup>
</div>
`;
